---
source: tests/http_requests.rs
expression: traces_simple
---
POST /v2/track HTTP/1.1
host: dc.services.visualstudio.com
content-type: application/json
content-encoding: gzip

[
  {
    "data": {
      "baseData": {
        "duration": "STRIPPED",
        "id": "STRIPPED",
        "name": "GET /hello/world",
        "properties": {
          "enduser.id": "marry",
          "http.client_ip": "10.1.2.3",
          "http.flavor": "1.1",
          "http.method": "GET",
          "http.route": "/hello/world",
          "http.scheme": "https",
          "http.status_code": "200",
          "http.target": "/hello/world?name=marry",
          "http.user_agent": "Mozilla/5.0 (Windows NT 10.0; Win64; x64; rv:72.0) Gecko/20100101 Firefox/72.0",
          "net.host.name": "example.com",
          "net.host.port": "8080",
          "net.sock.peer.addr": "10.1.2.2",
          "service.name": "server",
          "service.namespace": "test"
        },
        "responseCode": "200",
        "source": "10.1.2.3",
        "success": true,
        "url": "https://example.com:8080/hello/world?name=marry",
        "ver": 2
      },
      "baseType": "RequestData"
    },
    "iKey": "0fdcec70-0ce5-4085-89d9-9ae8ead9af66",
    "name": "Microsoft.ApplicationInsights.Request",
    "sampleRate": 100.0,
    "tags": {
      "ai.cloud.role": "test.server",
      "ai.operation.id": "STRIPPED",
      "ai.operation.name": "GET /hello/world",
      "ai.operation.parentId": "STRIPPED",
      "ai.user.authUserId": "marry"
    },
    "time": "STRIPPED"
  },
  {
    "data": {
      "baseData": {
        "message": "An event!",
        "properties": {
          "happened": "true"
        },
        "severityLevel": 2,
        "ver": 2
      },
      "baseType": "MessageData"
    },
    "iKey": "0fdcec70-0ce5-4085-89d9-9ae8ead9af66",
    "name": "Microsoft.ApplicationInsights.Message",
    "sampleRate": 100.0,
    "tags": {
      "ai.operation.id": "STRIPPED",
      "ai.operation.parentId": "STRIPPED"
    },
    "time": "STRIPPED"
  },
  {
    "data": {
      "baseData": {
        "name": "A custom event!",
        "properties": {
          "happened": "true"
        },
        "ver": 2
      },
      "baseType": "EventData"
    },
    "iKey": "0fdcec70-0ce5-4085-89d9-9ae8ead9af66",
    "name": "Microsoft.ApplicationInsights.Event",
    "sampleRate": 100.0,
    "tags": {
      "ai.operation.id": "STRIPPED",
      "ai.operation.parentId": "STRIPPED"
    },
    "time": "STRIPPED"
  },
  {
    "data": {
      "baseData": {
        "exceptions": [
          {
            "message": "An error",
            "typeName": "<no type>"
          }
        ],
        "ver": 2
      },
      "baseType": "ExceptionData"
    },
    "iKey": "0fdcec70-0ce5-4085-89d9-9ae8ead9af66",
    "name": "Microsoft.ApplicationInsights.Exception",
    "sampleRate": 100.0,
    "tags": {
      "ai.operation.id": "STRIPPED",
      "ai.operation.parentId": "STRIPPED"
    },
    "time": "STRIPPED"
  }
]


POST /v2/track HTTP/1.1
host: dc.services.visualstudio.com
content-type: application/json
content-encoding: gzip

[
  {
    "data": {
      "baseData": {
        "data": "https://example.com:8080/hello/world?name=marry",
        "duration": "STRIPPED",
        "id": "STRIPPED",
        "name": "dependency",
        "properties": {
          "enduser.id": "marry",
          "http.flavor": "1.1",
          "http.method": "GET",
          "http.status_code": "200",
          "http.url": "https://example.com:8080/hello/world?name=marry",
          "net.peer.name": "example.com",
          "net.peer.port": "8080",
          "net.sock.peer.addr": "10.1.2.4",
          "service.name": "client",
          "service.namespace": "test"
        },
        "resultCode": "200",
        "target": "example.com:8080",
        "type": "HTTP",
        "ver": 2
      },
      "baseType": "RemoteDependencyData"
    },
    "iKey": "0fdcec70-0ce5-4085-89d9-9ae8ead9af66",
    "name": "Microsoft.ApplicationInsights.RemoteDependency",
    "sampleRate": 100.0,
    "tags": {
      "ai.cloud.role": "test.client",
      "ai.operation.id": "STRIPPED",
      "ai.user.authUserId": "marry"
    },
    "time": "STRIPPED"
  }
]
