---
source: tests/http_requests.rs
expression: logs
---
POST /v2/track HTTP/1.1
host: dc.services.visualstudio.com
content-type: application/json
content-encoding: gzip

[
  {
    "data": {
      "baseData": {
        "message": "error!",
        "severityLevel": 3,
        "ver": 2
      },
      "baseType": "MessageData"
    },
    "iKey": "0fdcec70-0ce5-4085-89d9-9ae8ead9af66",
    "name": "Microsoft.ApplicationInsights.Message",
    "sampleRate": 100.0,
    "tags": {
      "ai.cloud.role": "test.client"
    },
    "time": "STRIPPED"
  },
  {
    "data": {
      "baseData": {
        "message": "warn!",
        "severityLevel": 2,
        "ver": 2
      },
      "baseType": "MessageData"
    },
    "iKey": "0fdcec70-0ce5-4085-89d9-9ae8ead9af66",
    "name": "Microsoft.ApplicationInsights.Message",
    "sampleRate": 100.0,
    "tags": {
      "ai.cloud.role": "test.client"
    },
    "time": "STRIPPED"
  },
  {
    "data": {
      "baseData": {
        "message": "info! apple is 2.99",
        "properties": {
          "colors": "[red,green]",
          "fruit": "apple",
          "price": "2.99",
          "stock": "{green:6,red:4}"
        },
        "severityLevel": 1,
        "ver": 2
      },
      "baseType": "MessageData"
    },
    "iKey": "0fdcec70-0ce5-4085-89d9-9ae8ead9af66",
    "name": "Microsoft.ApplicationInsights.Message",
    "sampleRate": 100.0,
    "tags": {
      "ai.cloud.role": "test.client"
    },
    "time": "STRIPPED"
  }
]
